{
    "test-dataset_kallisto_aligner": {
        "content": [
            {
                "stderr": [
                    
                ],
                "errorReport": "",
                "exitStatus": 0,
                "failed": false,
                "stdout": [
                    
                ],
                "errorMessage": "",
                "trace": {
                    "tasksFailed": 0,
                    "tasksCount": 12,
                    "tasksSucceeded": 12
                },
                "name": "workflow",
                "success": true
            },
            "cells_x_genes.barcodes.txt:md5,72d78bb1c1ee7cb174520b30f695aa48",
            "cells_x_genes.genes.txt:md5,acd9d00120f52031974b2add3e7521b6",
            "cells_x_genes.mtx:md5,894d60da192e3788de11fa8fc1fa711d",
            "cells_x_genes.barcodes.txt:md5,a8cf7ea4b2d075296a94bf066a64b7a4",
            "cells_x_genes.genes.txt:md5,acd9d00120f52031974b2add3e7521b6",
            "cells_x_genes.mtx:md5,abd83de117204d0a77df3c92d00cc025",
            "Sample_X_raw_matrix.rds:md5,0938f4189b7a7fd1030abfcee798741c",
            "Sample_Y_raw_matrix.rds:md5,93c12abe283ab37c5f37e5cd3cb25302"
        ],
        "meta": {
            "nf-test": "0.8.4",
            "nextflow": "23.10.1"
        },
        "timestamp": "2024-03-18T14:51:42.040931572"
    }
}