{
    "test-dataset_cellrangermulti_aligner": {
        "content": [
            {
                "stderr": [
                    
                ],
                "errorReport": "",
                "exitStatus": 0,
                "failed": false,
                "stdout": [
                    
                ],
                "errorMessage": "",
                "trace": {
                    "tasksFailed": 0,
                    "tasksCount": 55,
                    "tasksSucceeded": 55
                },
                "name": "workflow",
                "success": true
            },
            "barcodes.tsv.gz:md5,a3937e73aa76a2acff554ca2f81a108d",
            "barcodes.tsv.gz:md5,60c25e3ecc0d185048bad6ee78b03ec5",
            "barcodes.tsv.gz:md5,74ccf55411109ed9c3f2b6f73ae91ddc",
            "barcodes.tsv.gz:md5,5910573c152e8e8bf0b02547440c37a2",
            "barcodes.tsv.gz:md5,38f51384d30e3b17d8de54aeac6c1ade",
            "barcodes.tsv.gz:md5,23f4f5264971fe924da6d93016a9747d",
            "barcodes.tsv.gz:md5,e7f625d70338d98ff8e8736e35338770",
            "barcodes.tsv.gz:md5,5088a4668ec6c06b357e54ea61a2266a",
            "barcodes.tsv.gz:md5,6d34a94fa5fc5cab362dbb1b5c8ed5d6",
            "barcodes.tsv.gz:md5,177c1fbf4052a9cee2019179f51d9294",
            "barcodes.tsv.gz:md5,e7ca00fa3842c7e6ed855fb901444637",
            "barcodes.tsv.gz:md5,34ab4b3fa95147486f612eb13f1b3b4d",
            "barcodes.tsv.gz:md5,77c7e40eccfb2290b3219df0df674048",
            "barcodes.tsv.gz:md5,9dda3086ee5dee42dbbd7139c87522fd",
            "barcodes.tsv.gz:md5,a5294c876fa976c7bb84dcd580cb42d5",
            "barcodes.tsv.gz:md5,2035ad842ed2fd904cb4e5913a9a8400",
            "features.tsv.gz:md5,4a1a9128710210bb76622abf8aebfda6",
            "features.tsv.gz:md5,65f3b800faad02a0f244427051498b95",
            "features.tsv.gz:md5,4a1a9128710210bb76622abf8aebfda6",
            "features.tsv.gz:md5,65f3b800faad02a0f244427051498b95",
            "features.tsv.gz:md5,4a1a9128710210bb76622abf8aebfda6",
            "features.tsv.gz:md5,65f3b800faad02a0f244427051498b95",
            "features.tsv.gz:md5,4a1a9128710210bb76622abf8aebfda6",
            "features.tsv.gz:md5,65f3b800faad02a0f244427051498b95",
            "features.tsv.gz:md5,4a1a9128710210bb76622abf8aebfda6",
            "features.tsv.gz:md5,a5781c6331d8b63153bbca34b6942020",
            "features.tsv.gz:md5,a5781c6331d8b63153bbca34b6942020",
            "features.tsv.gz:md5,824fe0b73fc8a383152a792f84f6ca84",
            "features.tsv.gz:md5,824fe0b73fc8a383152a792f84f6ca84",
            "features.tsv.gz:md5,824fe0b73fc8a383152a792f84f6ca84",
            "features.tsv.gz:md5,a5781c6331d8b63153bbca34b6942020",
            "features.tsv.gz:md5,a5781c6331d8b63153bbca34b6942020",
            "matrix.mtx.gz:md5,e954dedc5b922d0c3efc695ebe773cc2",
            "matrix.mtx.gz:md5,e5ad2d633e388a60a73be1c7af0211bb",
            "matrix.mtx.gz:md5,6232400cf08f7510163210e7fb394879",
            "matrix.mtx.gz:md5,d7eb146e7ad9fc0611156e6d3014c191",
            "matrix.mtx.gz:md5,2634ecec8a09abaaf1f9ca1c6aa6a007",
            "matrix.mtx.gz:md5,b0616658c40715fdb7da585e1639911f",
            "matrix.mtx.gz:md5,dc926848695d6e90fc4042aa82ed971d",
            "matrix.mtx.gz:md5,cd3ba4229bef7b73845714cb09e49490",
            "matrix.mtx.gz:md5,8a60488142e4c828046523571dfb7cbb",
            "matrix.mtx.gz:md5,a75e2adb76265842c0377254da22db04",
            "matrix.mtx.gz:md5,b714077efbdf9490b3883a1b337dba2e",
            "matrix.mtx.gz:md5,156c99e53fcf54624f321c5a937bfd2e",
            "matrix.mtx.gz:md5,480aee4457d337eb3cfc742a2fe06230",
            "matrix.mtx.gz:md5,d1206622e68fe0eb7ce33b3b3f453d1a",
            "matrix.mtx.gz:md5,d26136eccdb380b6f4636a32e1124ff2",
            "matrix.mtx.gz:md5,edd17c8ed762725b283bca41269d989a",
            "metrics_summary.csv:md5,ebc5764b737c58b8e448eae9a51012fb",
            "metrics_summary.csv:md5,01d39c736a9c0377e7315a3cbaf1e200",
            "metrics_summary.csv:md5,3d232f44ab074e8709eb3384a1e5e85b",
            "metrics_summary.csv:md5,fb2b456c5d9e072069d3634bac744514",
            "metrics_summary.csv:md5,64fcad7adc2e30fa9fb3127e01c7b53a",
            "metrics_summary.csv:md5,d14d385df3e8e61c924a30cd5b959b86",
            "metrics_summary.csv:md5,bcd7e1d1854e31a4968d5876eab7d64a",
            "metrics_summary.csv:md5,98d9d9617c2ca4f614614568e4371d44",
            "4PLEX_HUMAN_raw_matrix.rds:md5,16fbbce025edf14080d9652f0b3b7994",
            "Colorectal_BC3_raw_matrix.rds:md5,bb6da39a69fac14757be2ef9c1759b24",
            "Colorectal_BC3_filtered_matrix.rds:md5,92f5b4a8340a5180dc7ad232a4994ace",
            "Liver_BC1_raw_matrix.rds:md5,def4320e149344bf1852304feae7a137",
            "Liver_BC1_filtered_matrix.rds:md5,573da7ab560533d6e0930c3b3822f90f",
            "Ovarian_BC2_raw_matrix.rds:md5,e43ac66c2bce57d94152e30e5a1af721",
            "Ovarian_BC2_filtered_matrix.rds:md5,4368fe37be8ca85850689e70a0a9a5f6",
            "PBMC_10K_raw_matrix.rds:md5,d9e9a5d35e6ead35ba5a0d2a9bfdb06d",
            "PBMC_10K_filtered_matrix.rds:md5,1866ab65fdfb8dd704485bae222823d2",
            "PBMC_10K_CMO_raw_matrix.rds:md5,fb5bc19943ebaf58ffcfbbe796c4baf2",
            "PBMC_10K_CMO_PBMCs_human_1_filtered_matrix.rds:md5,725b5310cc5ea04bcce6fd69d92ec36a",
            "PBMC_10K_CMO_PBMCs_human_2_filtered_matrix.rds:md5,5a1c0412f9058487f5f0798c28b87d39",
            "PBMC_10K_CMV_raw_matrix.rds:md5,a7ee013dcf87bea1e6d589f51ace64ff",
            "PBMC_10K_CMV_filtered_matrix.rds:md5,c0b74395b5ecc54dcb321a12f0601777",
            "Pancreas_BC4_raw_matrix.rds:md5,0d9640458250fd53c54031382b3b19dc",
            "Pancreas_BC4_filtered_matrix.rds:md5,1df6ddb6fc29427fc6240c197447d146"
        ],
        "meta": {
            "nf-test": "0.8.4",
            "nextflow": "23.10.1"
        },
        "timestamp": "2024-05-06T11:40:54.060867657"
    }
}